register tokenizers/yadelimit
[[0,0.0,0.0],true]
tokenize TokenYaDelimitCaret "AbCDï¼¤" NormalizerAuto
[[0,0.0,0.0],[{"value":"abcdd","position":0}]]
